2025-05-24 20:57:00 | INFO | repo=2017-course-sys-int-activemq-seminar | action=commit
2025-03-21 18:47:00 | DEBUG | repo=2017-course-sys-int-activemq-seminar | action=commit
2025-01-18 18:00:00 | INFO | repo=2017-course-sys-int-activemq-seminar | action=commit
2025-06-11 15:00:00 | WARN | repo=2017-course-sys-int-activemq-seminar | action=commit
2025-08-21 16:55:00 | INFO | repo=2017-course-sys-int-activemq-seminar | action=commit
2025-11-23 13:04:00 | DEBUG | repo=2017-course-sys-int-activemq-seminar | action=edit | files=5
2025-02-16 17:08:00 | INFO | repo=2017-course-sys-int-activemq-seminar | action=commit
2025-10-01 15:06:00 | INFO | repo=2017-course-sys-int-activemq-seminar | action=commit
2025-12-22 21:26:00 | INFO | repo=2017-course-sys-int-activemq-seminar | action=commit
2025-09-03 11:48:00 | INFO | repo=2017-course-sys-int-activemq-seminar | action=commit
2025-08-07 21:38:00 | DEBUG | repo=2017-course-sys-int-activemq-seminar | action=pull
2025-08-01 14:40:00 | WARN | repo=2017-course-sys-int-activemq-seminar | action=commit
2025-08-22 15:50:00 | DEBUG | repo=2017-course-sys-int-activemq-seminar | action=commit
2025-08-05 13:31:00 | INFO | repo=2017-course-sys-int-activemq-seminar | action=commit
2025-11-28 09:12:00 | WARN | repo=2017-course-sys-int-activemq-seminar | action=pull
2025-04-09 08:06:00 | WARN | repo=2017-course-sys-int-activemq-seminar | action=commit
2025-12-20 07:25:00 | DEBUG | repo=2017-course-sys-int-activemq-seminar | action=commit
2025-01-27 20:30:00 | WARN | repo=2017-course-sys-int-activemq-seminar | action=commit
2025-07-08 12:33:00 | INFO | repo=2017-course-sys-int-activemq-seminar | action=commit
2025-08-05 11:13:00 | DEBUG | repo=2017-course-sys-int-activemq-seminar | action=edit | files=2
2025-01-28 18:15:00 | INFO | repo=2017-course-sys-int-activemq-seminar | action=commit
